[28-Jul-2020 07:35:52 UTC] Route invokedTeam1.php||GET
